[PGK Partial: 2/4 correct] Expected: 10, Actual: 10, Result: PASS
[PGK Additive: 2 correct] Expected: 40, Actual: 40, Result: PASS
[PGK Additive: 0 correct] Expected: 0, Actual: 0, Result: PASS
[PGK Any: 1 correct] Expected: 20, Actual: 20, Result: PASS
node : (node:27628) [MO
DULE_TYPELESS_PACKAGE_J
SON] Warning: Module 
type of file:///d:/Proj
ect/Visual%20studio/Rus
hless%20Exam/rushless-e
xam/app/lib/scoring.js 
is not specified and 
it doesn't parse as 
CommonJS.
At line:1 char:1
+ node 
"d:\Project\Visual 
studio\Rushless Exam\ru
shless-exam\tmp\test_s 
...
+ ~~~~~~~~~~~~~~~~~~~~~
~~~~~~~~~~~~~~~~~~~~~~~
~~~~~~~~~~~~~~~~~~~~~~~
~~
    + CategoryInfo     
         : NotSpecifi  
  ed: ((node:27628)    
 [M...se as CommonJ    
S.:String) [], Rem    
oteException
    + FullyQualifiedEr 
   rorId : NativeComm  
  andError
 
Reparsing as ES module 
because module syntax 
was detected. This 
incurs a performance 
overhead.
To eliminate this 
warning, add "type": 
"module" to 
d:\Project\Visual 
studio\Rushless Exam\ru
shless-exam\package.jso
n.
(Use `node 
--trace-warnings ...` 
to show where the 
warning was created)
